[backblue.gif]
[fade.gif]
[index.html]
[wordpress/indexd784.html]
[wordpress/indexa6da.html]
[wordpress/wp-content/themes/twentytwenty/assets/js/index4963.js]
[wordpress/index52f0.json]
[wordpress/xmlrpc0db0.php]
[wordpress/wp-includes/wlwmanifest.xml]
[wordpress/wp-includes/js/wp-embed.min9dff.js]
[wordpress/index.html]
[wordpress/wp-includes/css/dist/block-library/style.min9dff.css]
[wordpress/wp-content/themes/twentytwenty/style4963.css]
[wordpress/wp-content/themes/twentytwenty/print4963.css]
[wordpress/index1b1c.json]
[wordpress/index76cc.html]
[wordpress/index3ecd.php]
[wordpress/indexba53.html]
[wordpress/index3f7b.html]
[wordpress/indexb63a.html]
[wordpress/indexf9ce.json]
[wordpress/indexf5a6.php]
[wordpress/index02a7.html]
[wordpress/wp-includes/js/comment-reply.min9dff.js]
[wordpress/indexcf8a.html]
[wordpress/indexcd64.html]
[wordpress/index78a0.html]
[wordpress/indexe3c5.json]
[wordpress/indexdd5d.php]
[wordpress/index8a14.html]
[wordpress/indexbb97.html]
[wordpress/index01fa.json]
[wordpress/index8d8b.html]
[wordpress/index7957.php]
[wordpress/index58aa.html]
[wordpress/index8dcf.json]
[wordpress/index56e9.html]
[wordpress/indexa1a8.php]
[wordpress/indexefbf.html]
[wordpress/indexb4e5.json]
[wordpress/indexc475.html]
[wordpress/indexaea6.php]
[wordpress/index7451.html]
[wordpress/index2eb4.json]
[wordpress/indexa280.html]
[wordpress/index8735.php]
[wordpress/index3fd6.html]
[wordpress/indexc70f.json]
[wordpress/index7ece.html]
[wordpress/index5f51.php]
[wordpress/indexac83.html]
[wordpress/indexab70.json]
[wordpress/index61e3.html]
[wordpress/index2b22.php]
[wordpress/index2132.html]
[wordpress/indexe2f7.json]
[wordpress/indexacd6.php]
[wordpress/index5aa6.html]
[wordpress/indexc55f.html]
[wordpress/indexe3b1.json]
[wordpress/index8ea6.html]
[wordpress/index7afb.php]
[wordpress/index0d0a.html]
[wordpress/index6146.html]
[wordpress/indexd93f.html]
[wordpress/indexad71.html]
[wordpress/wp-includes/js/jquery/jquery4a5f.js]
[wordpress/wp-includes/js/jquery/jquery-migrate.min330a.js]
[wordpress/wp-includes/js/zxcvbn-async.min5152.js]
[wordpress/wp-admin/js/password-strength-meter.min9dff.js]
[wordpress/wp-includes/js/underscore.min4511.js]
[wordpress/wp-includes/js/wp-util.min9dff.js]
[wordpress/wp-admin/js/user-profile.min9dff.js]
[wordpress/wp-login.html]
[wordpress/index905b.html]
[wordpress/wp-admin/index.html]
[wordpress/index652e.html]
[wordpress/indexf2dc.html]
[wordpress/indexf9b2.html]
[wordpress/indexf3cc.html]
[wordpress/index5340.html]
[wordpress/index4b26.html]
[wordpress/index6dad.html]
[wordpress/indexf4ce.html]
[wordpress/index3afd.html]
[wordpress/index80ad.html]
[wordpress/indexdbf6.html]
[wordpress/index1834.html]
[wordpress/index5dea.html]
[wordpress/index0849.html]
[wordpress/index8a68.html]
[wordpress/index1426.html]
[wordpress/indexb253.html]
[wordpress/index68cd.html]
[wordpress/indexefce.html]
[wordpress/indexd0ff.html]
[wordpress/indexb648.html]
[wordpress/index3ba5.html]
[wordpress/index034a.html]
[wordpress/indexdc2c.html]
[wordpress/index112a.html]
[wordpress/wp-includes/css/dashicons.min9dff.css]
[wordpress/wp-includes/css/buttons.min9dff.css]
[wordpress/wp-admin/css/forms.min9dff.css]
[wordpress/wp-admin/css/l10n.min9dff.css]
[wordpress/wp-admin/css/login.min9dff.css]
[wordpress/wp-loginc2b6.html]
