[www.taijifuzhou.com/index.html]
[pagead2.googlesyndication.com/pagead/js/adsbygoogle.js]
[backblue.gif]
[fade.gif]
[index.html]
[www.taijifuzhou.com/zb_users/theme/umFashion/style/um.css]
[www.taijifuzhou.com/zb_system/script/jquery-2.2.4.min.js]
[www.taijifuzhou.com/zb_system/script/zblogphp.js]
[www.taijifuzhou.com/zb_system/script/c_html_js_add.js]
[www.taijifuzhou.com/zb_users/theme/umFashion/script/umhtml.js]
[www.taijifuzhou.com/zb_users/plugin/wxkf/css/kefu.css]
[www.taijifuzhou.com/feed.php]
[www.taijifuzhou.com/zb_system/xml-rpc/wlwmanifest.xml]
[www.taijifuzhou.com/zb_users/upload/2019/12/201912251577273093163807.jpg]
[www.taijifuzhou.com/zb_system/xml-rpc/index0db0.html]
[www.taijifuzhou.com/2.a.delayed]
[www.taijifuzhou.com/zb_users/upload/2019/12/201912261577325876208902.jpg]
[www.taijifuzhou.com/indexd896.html]
[www.taijifuzhou.com/index044b.html]
[www.taijifuzhou.com/zb_users/upload/2020/01/202001031578024318483000.jpg]
[www.taijifuzhou.com/zb_users/upload/2020/01/202001031578024845171147.jpg]
[www.taijifuzhou.com/zb_users/upload/2020/01/202001031578027158567214.jpg]
[www.taijifuzhou.com/index8803.html]
[www.taijifuzhou.com/index1398.html]
[www.taijifuzhou.com/index7845.html]
[www.taijifuzhou.com/zb_users/upload/2020/01/202001031578027349119930.jpg]
[www.taijifuzhou.com/index2c6d.html]
[www.taijifuzhou.com/zb_users/upload/2020/01/202001021577964364716832.jpg]
[www.taijifuzhou.com/index9dbc.html]
[www.taijifuzhou.com/index47c2.html]
[www.taijifuzhou.com/zb_users/upload/2020/01/202001031578023584109877.jpg]
[www.taijifuzhou.com/index1a85.html]
[www.taijifuzhou.com/zb_users/upload/2020/01/20200102224543_13949.jpg]
[www.taijifuzhou.com/zb_users/upload/2020/01/202001021577979593187282.jpg]
[www.taijifuzhou.com/index5ea1.html]
[www.taijifuzhou.com/index2815.html]
[www.taijifuzhou.com/zb_users/plugin/wxkf/js/hnysnet.js]
[www.taijifuzhou.com/index.html]
[www.taijifuzhou.com/zb_users/theme/umFashion/style/um.css]
[www.taijifuzhou.com/index9421.html]
[www.taijifuzhou.com/indexbc58.html]
[www.taijifuzhou.com/index9ba9.html]
[www.taijifuzhou.com/index4658.html]
[www.taijifuzhou.com/indexfdb0.html]
[www.taijifuzhou.com/indexaf4d.html]
[www.taijifuzhou.com/index235c.html]
[www.taijifuzhou.com/indexc575.html]
[www.taijifuzhou.com/zb_users/plugin/UEditor/third-party/prism/prism.css]
[www.taijifuzhou.com/zb_system/script/c_html_js_add.js]
[www.taijifuzhou.com/zb_users/plugin/wxkf/css/kefu.css]
[www.taijifuzhou.com/indexfdfa.html]
[www.taijifuzhou.com/zb_users/upload/2019/12/201912271577429860165058.jpg]
[www.taijifuzhou.com/zb_users/upload/2019/12/201912271577429805131353.jpg]
[www.taijifuzhou.com/indexbb33.html]
[www.taijifuzhou.com/zb_users/upload/2019/12/201912271577429754130587.jpg]
[www.taijifuzhou.com/index084d.html]
[www.taijifuzhou.com/zb_users/upload/2019/12/201912271577429692123286.jpg]
[www.taijifuzhou.com/index98dc.html]
[www.taijifuzhou.com/zb_users/upload/2019/12/201912271577429619206674.jpg]
[www.taijifuzhou.com/indexa916.html]
[www.taijifuzhou.com/index2580.html]
[www.taijifuzhou.com/zb_users/upload/2019/12/201912271577429372176881.jpg]
[www.taijifuzhou.com/zb_users/upload/2019/12/201912271577429255513933.jpg]
[www.taijifuzhou.com/index6396.html]
[www.taijifuzhou.com/index7df0.html]
[www.taijifuzhou.com/zb_users/upload/2019/12/201912271577428844342032.jpg]
[www.taijifuzhou.com/indexab5e.html]
[www.taijifuzhou.com/zb_users/upload/2019/12/201912271577428575130639.jpg]
[www.taijifuzhou.com/index1e35.html]
[www.taijifuzhou.com/zb_users/upload/2019/12/201912271577428528161493.jpg]
[www.taijifuzhou.com/indexd896.html]
[www.taijifuzhou.com/index044b.html]
[www.taijifuzhou.com/2.html]
[www.taijifuzhou.com/indexcdef.html]
[www.taijifuzhou.com/index9a7a.html]
[www.taijifuzhou.com/indexb1ee.html]
[www.taijifuzhou.com/index8803.html]
[www.taijifuzhou.com/index25db.html]
[www.taijifuzhou.com/index1398.html]
[www.taijifuzhou.com/index1b76.html]
[www.taijifuzhou.com/indexcded.html]
[www.taijifuzhou.com/index86cd.html]
[www.taijifuzhou.com/index2c6d.html]
[www.taijifuzhou.com/index7845.html]
[www.taijifuzhou.com/index9dbc.html]
[www.taijifuzhou.com/index47c2.html]
[www.taijifuzhou.com/index1a85.html]
[www.taijifuzhou.com/index5ea1.html]
[www.taijifuzhou.com/index2815.html]
[www.taijifuzhou.com/index9421.html]
[www.taijifuzhou.com/indexbc58.html]
[www.taijifuzhou.com/index4658.html]
[www.taijifuzhou.com/index3a9f.html]
[www.taijifuzhou.com/indexd8c4.html]
[www.taijifuzhou.com/indexe27e.html]
[www.taijifuzhou.com/index1a6a.html]
[www.taijifuzhou.com/zb_users/upload/2020/01/202001021577974030332267.jpg]
[www.taijifuzhou.com/index23df.html]
[www.taijifuzhou.com/index8431.html]
[www.taijifuzhou.com/index76a2.html]
[www.taijifuzhou.com/zb_users/upload/2020/01/202001031578025960159462.jpg]
[www.taijifuzhou.com/index475d.html]
[www.taijifuzhou.com/index4f62.html]
[www.taijifuzhou.com/indexb27c.html]
[www.taijifuzhou.com/zb_users/upload/2020/01/202001031578024067188547.jpg]
[www.taijifuzhou.com/index9ba9.html]
[www.taijifuzhou.com/index5aaa.html]
[www.taijifuzhou.com/index2770.html]
[www.taijifuzhou.com/indexc5b2.html]
[www.taijifuzhou.com/zb_users/upload/2020/01/202001021577973439173355.jpg]
[www.taijifuzhou.com/indexf8d4.html]
[www.taijifuzhou.com/zb_users/upload/2020/01/202001021577972213977207.jpg]
[www.taijifuzhou.com/index3ebc.html]
[www.taijifuzhou.com/index3221.html]
[www.taijifuzhou.com/zb_users/upload/2019/12/201912301577718073787415.26.delayed]
[www.taijifuzhou.com/index619c.html]
[www.taijifuzhou.com/index2fc6.html]
[www.taijifuzhou.com/index011a.html]
[www.taijifuzhou.com/zb_users/upload/2019/12/201912301577716795114969.jpg]
[www.taijifuzhou.com/zb_users/upload/2019/12/201912301577706196999096.jpg]
[www.taijifuzhou.com/index37ab.html]
[www.taijifuzhou.com/zb_users/upload/2019/12/201912301577704527663552.jpg]
[www.taijifuzhou.com/indexfdb0.html]
[www.taijifuzhou.com/index48db.html]
[www.taijifuzhou.com/index850a.html]
[www.taijifuzhou.com/index1e85.html]
[www.taijifuzhou.com/index3ca5.html]
[www.taijifuzhou.com/zb_users/upload/2019/12/201912271577428319530972.jpg]
[www.taijifuzhou.com/indexaf4d.html]
[www.taijifuzhou.com/indexa9e4.html]
[www.taijifuzhou.com/index7d36.html]
[www.taijifuzhou.com/index0c98.html]
[www.taijifuzhou.com/index2568.html]
[www.taijifuzhou.com/zb_users/upload/2019/12/201912271577428014197027.jpg]
[www.taijifuzhou.com/index4944.html]
[www.taijifuzhou.com/index4411.html]
[www.taijifuzhou.com/indexf62c.html]
[www.taijifuzhou.com/zb_users/upload/2019/12/201912261577373002505217.jpg]
[www.taijifuzhou.com/index40ac.html]
[www.taijifuzhou.com/zb_users/upload/2019/12/201912261577372946135856.jpg]
[www.taijifuzhou.com/indexd5e8.html]
[www.taijifuzhou.com/zb_users/upload/2019/12/201912261577372837126202.jpg]
[www.taijifuzhou.com/indexef73.html]
[www.taijifuzhou.com/indexdac1.html]
[www.taijifuzhou.com/zb_users/upload/2019/12/201912261577372763175702.jpg]
[www.taijifuzhou.com/zb_users/upload/2019/12/201912261577372670653197.jpg]
[www.taijifuzhou.com/index6fb5.html]
[www.taijifuzhou.com/index8bcf.html]
[www.taijifuzhou.com/zb_users/upload/2019/12/201912261577372606431489.jpg]
[www.taijifuzhou.com/zb_users/upload/2019/12/201912261577371625133588.jpg]
[www.taijifuzhou.com/index95dc.html]
[www.taijifuzhou.com/zb_users/upload/2019/12/201912261577371553127061.jpg]
[www.taijifuzhou.com/indexc575.html]
[www.taijifuzhou.com/zb_users/upload/2019/12/201912261577371475715194.jpg]
[www.taijifuzhou.com/zb_users/upload/2019/12/201912261577371414208220.jpg]
[www.taijifuzhou.com/index1434.html]
[www.taijifuzhou.com/index3162.html]
[www.taijifuzhou.com/index9e43.html]
[www.taijifuzhou.com/zb_users/upload/2019/12/201912261577371359130901.jpg]
[www.taijifuzhou.com/zb_users/upload/2019/12/201912261577365572913571.jpg]
[www.taijifuzhou.com/indexea25.html]
[www.taijifuzhou.com/zb_users/upload/2019/12/201912261577365498182799.jpg]
[www.taijifuzhou.com/index9c8a.html]
[www.taijifuzhou.com/zb_users/upload/2019/12/201912291577596423189838.jpg]
[www.taijifuzhou.com/index2e5f.html]
[www.taijifuzhou.com/zb_users/upload/2019/12/201912261577364142986054.jpg]
[www.taijifuzhou.com/index6258.html]
[www.taijifuzhou.com/indexe5cc.html]
[www.taijifuzhou.com/zb_users/upload/2019/12/201912261577364059134545.jpg]
[www.taijifuzhou.com/zb_users/upload/2019/12/201912261577363967630456.jpg]
[www.taijifuzhou.com/indexa9bc.html]
[www.taijifuzhou.com/zb_users/upload/2019/12/201912261577363761156565.jpg]
[www.taijifuzhou.com/index235c.html]
[www.taijifuzhou.com/indexe371.html]
[www.taijifuzhou.com/index190a.html]
[www.taijifuzhou.com/zb_users/upload/2019/12/201912261577363663151453.jpg]
[www.taijifuzhou.com/zb_users/upload/2019/12/201912261577363574186580.jpg]
[www.taijifuzhou.com/index2728.html]
[www.taijifuzhou.com/zb_users/upload/2019/12/201912261577355090157614.jpg]
[www.taijifuzhou.com/index7429.html]
[www.taijifuzhou.com/index87f1.html]
[www.taijifuzhou.com/zb_users/upload/2019/12/201912261577354625726335.jpg]
[www.taijifuzhou.com/zb_users/upload/2019/12/201912261577354530810090.jpg]
[www.taijifuzhou.com/index6e03.html]
[www.taijifuzhou.com/zb_users/upload/2019/12/201912261577354408296681.jpg]
[www.taijifuzhou.com/index4ef9.html]
[www.taijifuzhou.com/zb_users/upload/2019/12/201912261577354046784990.jpg]
[www.taijifuzhou.com/index0055.html]
[www.taijifuzhou.com/indexf41b.html]
[www.taijifuzhou.com/zb_users/upload/2019/12/201912261577353864189661.jpg]
[www.taijifuzhou.com/zb_users/upload/2019/12/201912251577288169157594.jpg]
[www.taijifuzhou.com/indexfdfa.html]
[www.taijifuzhou.com/zb_users/plugin/UEditor/third-party/prism/prism.css]
[www.taijifuzhou.com/indexbb33.html]
[www.taijifuzhou.com/index084d.html]
[www.taijifuzhou.com/index98dc.html]
[www.taijifuzhou.com/indexa916.html]
[www.taijifuzhou.com/index2580.html]
[www.taijifuzhou.com/index6396.html]
[www.taijifuzhou.com/index7df0.html]
[www.taijifuzhou.com/indexab5e.html]
[www.taijifuzhou.com/index1e35.html]
[www.taijifuzhou.com/indexcdef.html]
[www.taijifuzhou.com/index9a7a.html]
[www.taijifuzhou.com/indexb1ee.html]
[www.taijifuzhou.com/index25db.html]
[www.taijifuzhou.com/index1b76.html]
[www.taijifuzhou.com/indexcded.html]
[www.taijifuzhou.com/index86cd.html]
[www.taijifuzhou.com/index3a9f.html]
[www.taijifuzhou.com/indexd8c4.html]
[www.taijifuzhou.com/indexe27e.html]
[www.taijifuzhou.com/index1a6a.html]
[www.taijifuzhou.com/index23df.html]
[www.taijifuzhou.com/index8431.html]
[www.taijifuzhou.com/index76a2.html]
[www.taijifuzhou.com/index475d.html]
[www.taijifuzhou.com/index4f62.html]
[www.taijifuzhou.com/indexb27c.html]
[www.taijifuzhou.com/index5aaa.html]
[www.taijifuzhou.com/index2770.html]
[www.taijifuzhou.com/indexc5b2.html]
[www.taijifuzhou.com/indexf8d4.html]
[www.taijifuzhou.com/index3ebc.html]
[www.taijifuzhou.com/index3221.html]
[www.taijifuzhou.com/index619c.html]
[www.taijifuzhou.com/index2fc6.html]
[www.taijifuzhou.com/index011a.html]
[www.taijifuzhou.com/index37ab.html]
[www.taijifuzhou.com/index48db.html]
[www.taijifuzhou.com/index850a.html]
[www.taijifuzhou.com/indexa9e4.html]
[www.taijifuzhou.com/index1e85.html]
[www.taijifuzhou.com/index3ca5.html]
[www.taijifuzhou.com/index7d36.html]
[www.taijifuzhou.com/index0c98.html]
[www.taijifuzhou.com/index2568.html]
[www.taijifuzhou.com/index4944.html]
[www.taijifuzhou.com/index4411.html]
[www.taijifuzhou.com/indexf62c.html]
[www.taijifuzhou.com/index40ac.html]
[www.taijifuzhou.com/zb_users/upload/2019/12/201912261577373060165196.jpg]
[www.taijifuzhou.com/indexd5e8.html]
[www.taijifuzhou.com/indexef73.html]
[www.taijifuzhou.com/indexdac1.html]
[www.taijifuzhou.com/index6fb5.html]
[www.taijifuzhou.com/index8bcf.html]
[www.taijifuzhou.com/index95dc.html]
[www.taijifuzhou.com/index1434.html]
[www.taijifuzhou.com/index3162.html]
[www.taijifuzhou.com/index9e43.html]
[www.taijifuzhou.com/indexea25.html]
[www.taijifuzhou.com/index9c8a.html]
[www.taijifuzhou.com/index2e5f.html]
[www.taijifuzhou.com/index6258.html]
[www.taijifuzhou.com/indexe5cc.html]
[www.taijifuzhou.com/indexa9bc.html]
[www.taijifuzhou.com/indexe371.html]
[www.taijifuzhou.com/index190a.html]
[www.taijifuzhou.com/index2728.html]
[www.taijifuzhou.com/index7429.html]
[www.taijifuzhou.com/index87f1.html]
[www.taijifuzhou.com/index6e03.html]
[www.taijifuzhou.com/index4ef9.html]
[www.taijifuzhou.com/index0055.html]
[www.taijifuzhou.com/indexf41b.html]
[www.taijifuzhou.com/index5255.html]
[www.taijifuzhou.com/index5255.html]
[www.taijifuzhou.com/indexfddb.html]
[www.taijifuzhou.com/indexfddb.html]
[www.taijifuzhou.com/index3773.html]
[www.taijifuzhou.com/zb_users/upload/2019/12/201912261577373060165196.jpg]
[www.taijifuzhou.com/index3773.html]
